// Jest Snapshot v1, https://goo.gl/fbAQLP

exports[`Pruebas de componente <GifExpertApp /> Debe coincidir con el snapshot 1`] = `
<div>
  <h1>
    GifExpertApp
  </h1>
  <form
    aria-label="form"
  >
    <input
      placeholder="Buscar gifs"
      type="text"
      value=""
    />
  </form>
  <h3>
    One Punch
  </h3>
  <h3>
    Cargando...
  </h3>
  <h3>
    Dragon ball
  </h3>
  <h3>
    Cargando...
  </h3>
</div>
`;
